
   FAIL  Tests\Feature\PosCheckoutTest
  Γ£ô cashier component can be mounted                                                                             4.62s  
  Γ¿» cashier can add items to cart and checkout with fifo stock deduction                                         0.07s  
  ΓöÇΓöÇΓöÇΓöÇΓöÇΓöÇΓöÇΓöÇΓöÇΓöÇΓöÇΓöÇΓöÇΓöÇΓöÇΓöÇΓöÇΓöÇΓöÇΓöÇΓöÇΓöÇΓöÇΓöÇΓöÇΓöÇΓöÇΓöÇΓöÇΓöÇΓöÇΓöÇΓöÇΓöÇΓöÇΓöÇΓöÇΓöÇΓöÇΓöÇΓöÇΓöÇΓöÇΓöÇΓöÇΓöÇΓöÇΓöÇΓöÇΓöÇΓöÇΓöÇΓöÇΓöÇΓöÇΓöÇΓöÇΓöÇΓöÇΓöÇΓöÇΓöÇΓöÇΓöÇΓöÇΓöÇΓöÇΓöÇΓöÇΓöÇΓöÇΓöÇΓöÇΓöÇΓöÇΓöÇΓöÇΓöÇΓöÇΓöÇΓöÇΓöÇΓöÇΓöÇΓöÇΓöÇΓöÇΓöÇΓöÇΓöÇΓöÇΓöÇΓöÇΓöÇΓöÇΓöÇΓöÇΓöÇΓöÇΓöÇΓöÇΓöÇΓöÇΓöÇΓöÇΓöÇΓöÇΓöÇΓöÇΓöÇΓöÇΓöÇΓöÇΓöÇΓöÇΓöÇ  
   FAILED  Tests\Feature\PosCheckoutTest > cashier can add items to cart and checkout withΓÇª   MassAssignmentException   
  Add [name] to fillable property to allow mass assignment on [App\Models\Unit].

  at vendor\laravel\framework\src\Illuminate\Database\Eloquent\Model.php:525
    521Γûò             } elseif ($totallyGuarded || static::preventsSilentlyDiscardingAttributes()) {
    522Γûò                 if (isset(static::$discardedAttributeViolationCallback)) {
    523Γûò                     call_user_func(static::$discardedAttributeViolationCallback, $this, [$key]);
    524Γûò                 } else {
  Γ₧£ 525Γûò                     throw new MassAssignmentException(sprintf(
    526Γûò                         'Add [%s] to fillable property to allow mass assignment on [%s].',
    527Γûò                         $key, get_class($this)
    528Γûò                     ));
    529Γûò                 }

  1   vendor\laravel\framework\src\Illuminate\Database\Eloquent\Model.php:525
  2   vendor\laravel\framework\src\Illuminate\Database\Eloquent\Model.php:614


  Tests:    1 failed, 1 passed (1 assertions)
  Duration: 5.30s

